71
71
64
54
54
58
62
66
70
74
74
70
66
62
58
54
54
64
71
71
