30887
31330
32012
32092
31590
31488
32294
32192
31736
32050
31868
30662
30014
29918
31180
31536
31734
31998
30870
30328
31142
32108
31832
31524
31296
31338
30376
31252
32258
31266
30868
31150
31150
32434
32310
32054
32054
31586
31682
32166
32132
32218
31510
31354
32012
31828
31576
32236
32378
32396
32280
31410
30318
31074
32458
32340
31132
29882
29904
31218
31266
29860
30694
32020
32168
31824
31590
31674
30586
30044
29860
30496
31880
31894
31074
31478
32232
31868
30602
29918
30094
30074
31452
31166
30878
32098
31648
32010
31590
30730
30048
29948
30658
31148
30460
30836
31786
30802
30632
31136
